00:00 +0: loading D:/New Projects/maji_freshi/test/widget_test.dart
